15:24:20 [DEBUG] matplotlib: matplotlib data path: /home/prathamesh/Github/sigil/.venv/lib/python3.14/site-packages/matplotlib/mpl-data
15:24:20 [DEBUG] matplotlib: CONFIGDIR=/home/prathamesh/.config/matplotlib
15:24:20 [DEBUG] matplotlib: interactive is False
15:24:20 [DEBUG] matplotlib: platform is linux
15:24:20 [DEBUG] matplotlib: CACHEDIR=/home/prathamesh/.cache/matplotlib
15:24:20 [DEBUG] matplotlib.font_manager: Using fontManager instance from /home/prathamesh/.cache/matplotlib/fontlist-v390.json
15:24:20 [DEBUG] sigil.tracker: Using MediaPipe Hand Landmarker task API
15:24:20 [DEBUG] sigil.ui: Preloaded gtk4-layer-shell from /usr/lib/libgtk4-layer-shell.so
15:24:20 [DEBUG] sigil.ui: GTK4 available
15:24:20 [DEBUG] sigil.ui: gtk4-layer-shell available (preloaded=True)
WARNING: All log messages before absl::InitializeLog() is called are written to STDERR
I0000 00:00:1772531660.598179   23616 hand_gesture_recognizer_graph.cc:250] Custom gesture classifier is not defined.
INFO: Created TensorFlow Lite XNNPACK delegate for CPU.
W0000 00:00:1772531660.611640   23620 inference_feedback_manager.cc:114] Feedback manager requires a model with a single signature inference. Disabling support for feedback tensors.
W0000 00:00:1772531660.619138   23620 inference_feedback_manager.cc:114] Feedback manager requires a model with a single signature inference. Disabling support for feedback tensors.
W0000 00:00:1772531660.619470   23620 inference_feedback_manager.cc:114] Feedback manager requires a model with a single signature inference. Disabling support for feedback tensors.
W0000 00:00:1772531660.619506   23620 inference_feedback_manager.cc:114] Feedback manager requires a model with a single signature inference. Disabling support for feedback tensors.
15:24:20 [INFO] sigil.classifier: InstantClassifier ready (task API, model=gesture_recognizer.task)
15:24:20 [INFO] sigil.executor: ActionMapper loaded 9 gesture mappings
15:24:20 [INFO] sigil.executor: Executor: using Hyprland socket /run/user/1000/hypr/0002f148c9a4fe421a9d33c0faa5528cdc411e62_1772530552_1680393251/.socket.sock
15:24:20 [INFO] sigil.overlay: Overlay backend: gtk4-layer-shell
W0000 00:00:1772531660.840760   23640 inference_feedback_manager.cc:114] Feedback manager requires a model with a single signature inference. Disabling support for feedback tensors.
W0000 00:00:1772531660.848088   23640 inference_feedback_manager.cc:114] Feedback manager requires a model with a single signature inference. Disabling support for feedback tensors.
15:24:20 [INFO] sigil.tracker: Tracker opened – camera 0 @ 1280x720
15:24:20 [INFO] sigil.daemon: Sigil daemon starting (GTK4 thread path) …
15:24:20 [INFO] sigil.daemon: Overlay backend: gtk4-layer-shell
15:24:20 [INFO] sigil.daemon: Overlay enabled: True
15:24:20 [DEBUG] sigil.ui.wayland_overlay: Created GTK window with size 344x380
15:24:20 [INFO] sigil.ui.wayland_overlay: Layer-shell overlay initialised on bottom-right
15:24:20 [INFO] sigil.ui.wayland_overlay: Presenting overlay window (enabled=True)
15:24:21 [INFO] sigil.ui.wayland_overlay: GTK overlay active – driving updates from background thread
W0000 00:00:1772531662.160117   23630 landmark_projection_calculator.cc:78] Using NORM_RECT without IMAGE_DIMENSIONS is only supported for the square ROI. Provide IMAGE_DIMENSIONS or use PROJECTION_MATRIX.
15:24:22 [DEBUG] sigil.ui.wayland_overlay: WaylandOverlay.update: frame=True, fps=0.8
15:24:22 [DEBUG] sigil.ui.wayland_overlay: WaylandOverlay.update: frame=True, fps=10.2
15:24:22 [DEBUG] sigil.ui.wayland_overlay: WaylandOverlay.update: frame=True, fps=10.0
15:24:22 [DEBUG] sigil.ui.wayland_overlay: WaylandOverlay.update: frame=True, fps=10.0
15:24:22 [DEBUG] sigil.ui.wayland_overlay: WaylandOverlay.update: frame=True, fps=10.0
15:24:22 [DEBUG] sigil.ui.wayland_overlay: WaylandOverlay.update: frame=True, fps=10.0
15:24:22 [DEBUG] sigil.ui.wayland_overlay: WaylandOverlay.update: frame=True, fps=10.0
15:24:22 [DEBUG] sigil.ui.wayland_overlay: WaylandOverlay.update: frame=True, fps=10.0
15:24:22 [DEBUG] sigil.ui.wayland_overlay: WaylandOverlay.update: frame=True, fps=10.0
15:24:23 [DEBUG] sigil.ui.wayland_overlay: WaylandOverlay.update: frame=True, fps=10.4
15:24:23 [DEBUG] sigil.ui.wayland_overlay: WaylandOverlay.update: frame=True, fps=10.0
15:24:23 [DEBUG] sigil.ui.wayland_overlay: WaylandOverlay.update: frame=True, fps=10.0
15:24:23 [DEBUG] sigil.ui.wayland_overlay: WaylandOverlay.update: frame=True, fps=10.0
15:24:23 [DEBUG] sigil.ui.wayland_overlay: WaylandOverlay.update: frame=True, fps=10.0
15:24:23 [DEBUG] sigil.ui.wayland_overlay: WaylandOverlay.update: frame=True, fps=10.0
15:24:23 [DEBUG] sigil.ui.wayland_overlay: WaylandOverlay.update: frame=True, fps=10.0
15:24:23 [DEBUG] sigil.ui.wayland_overlay: WaylandOverlay.update: frame=True, fps=10.0
15:24:23 [DEBUG] sigil.ui.wayland_overlay: WaylandOverlay.update: frame=True, fps=10.0
15:24:23 [DEBUG] sigil.ui.wayland_overlay: WaylandOverlay.update: frame=True, fps=10.0
15:24:24 [DEBUG] sigil.ui.wayland_overlay: WaylandOverlay.update: frame=True, fps=10.0
15:24:24 [DEBUG] sigil.ui.wayland_overlay: WaylandOverlay.update: frame=True, fps=10.0
15:24:24 [DEBUG] sigil.ui.wayland_overlay: WaylandOverlay.update: frame=True, fps=10.0
15:24:24 [DEBUG] sigil.ui.wayland_overlay: WaylandOverlay.update: frame=True, fps=10.0
15:24:24 [DEBUG] sigil.ui.wayland_overlay: WaylandOverlay.update: frame=True, fps=10.0
15:24:24 [DEBUG] sigil.ui.wayland_overlay: WaylandOverlay.update: frame=True, fps=10.0
15:24:24 [DEBUG] sigil.ui.wayland_overlay: WaylandOverlay.update: frame=True, fps=10.0
15:24:24 [DEBUG] sigil.ui.wayland_overlay: WaylandOverlay.update: frame=True, fps=10.4
15:24:24 [DEBUG] sigil.ui.wayland_overlay: WaylandOverlay.update: frame=True, fps=10.0
